// Jest Snapshot v1, https://goo.gl/fbAQLP

exports[`<VersionList /> Should match previous snapshot 1`] = `
<div
  className="text-selection-section"
  style={
    Object {
      "display": "block",
    }
  }
>
  <div
    className="version-name-list"
  >
    <div
      className="version-list-section"
    >
      <div
        className="version-list-section-title"
      >
        <span>
          Video
        </span>
      </div>
      <div
        className="accordion"
        role="tablist"
      >
        <div
          className="accordion-title-style"
        >
          <div
            aria-controls="accordion__body-0"
            aria-selected={false}
            className="accordion__title"
            disabled={false}
            id="accordion__title-0"
            onClick={[Function]}
            onKeyPress={[Function]}
            role="tab"
            tabIndex="0"
          >
            <h4
              className=""
              title="New International Version"
            >
              New International Version
            </h4>
          </div>
          <div
            aria-hidden={true}
            aria-labelledby="accordion__title-0"
            className="accordion-body-style accordion__body--hidden"
            id="accordion__body-0"
            role="tabpanel"
          >
            <a
              className="version-item-button"
              onClick={[Function]}
              role="button"
              tabIndex={0}
            >
              Dramatized Version
            </a>
            <a
              className="version-item-button"
              onClick={[Function]}
              role="button"
              tabIndex={0}
            >
              Non-Dramatized Version
            </a>
          </div>
        </div>
      </div>
    </div>
    <div
      className="version-list-section"
    >
      <div
        className="version-list-section-title"
      >
        <span>
          Audio & Text
        </span>
      </div>
      <div
        className="accordion"
        role="tablist"
      >
        <div
          className="accordion-title-style"
        >
          <div
            aria-controls="accordion__body-1"
            aria-selected={false}
            className="accordion__title"
            disabled={false}
            id="accordion__title-1"
            onClick={[Function]}
            onKeyPress={[Function]}
            role="tab"
            tabIndex="0"
          >
            <h4
              className="active-version"
              title="English Standard Version"
            >
              English Standard Version
            </h4>
          </div>
          <div
            aria-hidden={true}
            aria-labelledby="accordion__title-1"
            className="accordion-body-style accordion__body--hidden"
            id="accordion__body-1"
            role="tabpanel"
          >
            <a
              className="version-item-button"
              onClick={[Function]}
              role="button"
              tabIndex={0}
            >
              Dramatized Version
            </a>
            <a
              className="version-item-button"
              onClick={[Function]}
              role="button"
              tabIndex={0}
            >
              Non-Dramatized Version
            </a>
          </div>
        </div>
        <div
          className="accordion-title-style"
        >
          <div
            aria-controls="accordion__body-2"
            aria-selected={false}
            className="accordion__title"
            disabled={false}
            id="accordion__title-2"
            onClick={[Function]}
            onKeyPress={[Function]}
            role="tab"
            tabIndex="0"
          >
            <h4
              className=""
              title="King James Version"
            >
              King James Version
            </h4>
          </div>
          <div
            aria-hidden={true}
            aria-labelledby="accordion__title-2"
            className="accordion-body-style accordion__body--hidden"
            id="accordion__body-2"
            role="tabpanel"
          >
            <a
              className="version-item-button"
              onClick={[Function]}
              role="button"
              tabIndex={0}
            >
              Dramatized Version
            </a>
            <a
              className="version-item-button"
              onClick={[Function]}
              role="button"
              tabIndex={0}
            >
              Non-Dramatized Version
            </a>
          </div>
        </div>
        <div
          className="accordion-title-style"
        >
          <div
            aria-controls="accordion__body-3"
            aria-selected={false}
            className="accordion__title"
            disabled={false}
            id="accordion__title-3"
            onClick={[Function]}
            onKeyPress={[Function]}
            role="tab"
            tabIndex="0"
          >
            <a
              className=" top-level-title"
              onClick={[Function]}
              role="button"
              tabIndex={0}
              title="New American Bible"
            >
              New American Bible
            </a>
          </div>
          <div
            aria-hidden={true}
            aria-labelledby="accordion__title-3"
            className="accordion__body accordion__body--hidden"
            id="accordion__body-3"
            role="tabpanel"
          />
        </div>
        <div
          className="accordion-title-style"
        >
          <div
            aria-controls="accordion__body-4"
            aria-selected={false}
            className="accordion__title"
            disabled={false}
            id="accordion__title-4"
            onClick={[Function]}
            onKeyPress={[Function]}
            role="tab"
            tabIndex="0"
          >
            <a
              className=" top-level-title"
              onClick={[Function]}
              role="button"
              tabIndex={0}
              title="World English Bible (Hosanna audio)"
            >
              World English Bible (Hosanna audio)
            </a>
          </div>
          <div
            aria-hidden={true}
            aria-labelledby="accordion__title-4"
            className="accordion__body accordion__body--hidden"
            id="accordion__body-4"
            role="tabpanel"
          />
        </div>
        <div
          className="accordion-title-style"
        >
          <div
            aria-controls="accordion__body-5"
            aria-selected={false}
            className="accordion__title"
            disabled={false}
            id="accordion__title-5"
            onClick={[Function]}
            onKeyPress={[Function]}
            role="tab"
            tabIndex="0"
          >
            <a
              className=" top-level-title"
              onClick={[Function]}
              role="button"
              tabIndex={0}
              title="World English Bible (Afred Henson)"
            >
              World English Bible (Afred Henson)
            </a>
          </div>
          <div
            aria-hidden={true}
            aria-labelledby="accordion__title-5"
            className="accordion__body accordion__body--hidden"
            id="accordion__body-5"
            role="tabpanel"
          />
        </div>
        <div
          className="accordion-title-style"
        >
          <div
            aria-controls="accordion__body-6"
            aria-selected={false}
            className="accordion__title"
            disabled={false}
            id="accordion__title-6"
            onClick={[Function]}
            onKeyPress={[Function]}
            role="tab"
            tabIndex="0"
          >
            <h4
              className=""
              title="New International Version (Anglicised)"
            >
              New International Version (Anglicised)
            </h4>
          </div>
          <div
            aria-hidden={true}
            aria-labelledby="accordion__title-6"
            className="accordion-body-style accordion__body--hidden"
            id="accordion__body-6"
            role="tabpanel"
          >
            <a
              className="version-item-button"
              onClick={[Function]}
              role="button"
              tabIndex={0}
            >
              Dramatized Version
            </a>
            <a
              className="version-item-button"
              onClick={[Function]}
              role="button"
              tabIndex={0}
            >
              Non-Dramatized Version
            </a>
          </div>
        </div>
      </div>
    </div>
    <div
      className="version-list-section"
    >
      <div
        className="version-list-section-title"
      >
        <span>
          Audio Only
        </span>
      </div>
      <div
        className="accordion"
        role="tablist"
      >
        <div
          className="accordion-title-style"
        >
          <div
            aria-controls="accordion__body-7"
            aria-selected={false}
            className="accordion__title"
            disabled={false}
            id="accordion__title-7"
            onClick={[Function]}
            onKeyPress={[Function]}
            role="tab"
            tabIndex="0"
          >
            <a
              className=" top-level-title"
              onClick={[Function]}
              role="button"
              tabIndex={0}
              title="Contemporary English Version"
            >
              Contemporary English Version
            </a>
          </div>
          <div
            aria-hidden={true}
            aria-labelledby="accordion__title-7"
            className="accordion__body accordion__body--hidden"
            id="accordion__body-7"
            role="tabpanel"
          />
        </div>
        <div
          className="accordion-title-style"
        >
          <div
            aria-controls="accordion__body-8"
            aria-selected={false}
            className="accordion__title"
            disabled={false}
            id="accordion__title-8"
            onClick={[Function]}
            onKeyPress={[Function]}
            role="tab"
            tabIndex="0"
          >
            <h4
              className=""
              title="New Revised Standard Version"
            >
              New Revised Standard Version
            </h4>
          </div>
          <div
            aria-hidden={true}
            aria-labelledby="accordion__title-8"
            className="accordion-body-style accordion__body--hidden"
            id="accordion__body-8"
            role="tabpanel"
          >
            <a
              className="version-item-button"
              onClick={[Function]}
              role="button"
              tabIndex={0}
            >
              Dramatized Version
            </a>
            <a
              className="version-item-button"
              onClick={[Function]}
              role="button"
              tabIndex={0}
            >
              Non-Dramatized Version
            </a>
          </div>
        </div>
        <div
          className="accordion-title-style"
        >
          <div
            aria-controls="accordion__body-9"
            aria-selected={false}
            className="accordion__title"
            disabled={false}
            id="accordion__title-9"
            onClick={[Function]}
            onKeyPress={[Function]}
            role="tab"
            tabIndex="0"
          >
            <a
              className=" top-level-title"
              onClick={[Function]}
              role="button"
              tabIndex={0}
              title="Contemporary English Version (African American Voices)"
            >
              Contemporary English Version (African American Voices)
            </a>
          </div>
          <div
            aria-hidden={true}
            aria-labelledby="accordion__title-9"
            className="accordion__body accordion__body--hidden"
            id="accordion__body-9"
            role="tabpanel"
          />
        </div>
      </div>
    </div>
    <div
      className="version-list-section"
    >
      <div
        className="version-list-section-title"
      >
        <span>
          Text Only
        </span>
      </div>
      <div
        className="accordion"
        role="tablist"
      >
        <div
          className="accordion-title-style"
        >
          <div
            aria-controls="accordion__body-10"
            aria-selected={false}
            className="accordion__title"
            disabled={false}
            id="accordion__title-10"
            onClick={[Function]}
            onKeyPress={[Function]}
            role="tab"
            tabIndex="0"
          >
            <a
              className=" top-level-title"
              onClick={[Function]}
              role="button"
              tabIndex={0}
              title="New American Standard Bible"
            >
              New American Standard Bible
            </a>
          </div>
          <div
            aria-hidden={true}
            aria-labelledby="accordion__title-10"
            className="accordion__body accordion__body--hidden"
            id="accordion__body-10"
            role="tabpanel"
          />
        </div>
        <div
          className="accordion-title-style"
        >
          <div
            aria-controls="accordion__body-11"
            aria-selected={false}
            className="accordion__title"
            disabled={false}
            id="accordion__title-11"
            onClick={[Function]}
            onKeyPress={[Function]}
            role="tab"
            tabIndex="0"
          >
            <a
              className=" top-level-title"
              onClick={[Function]}
              role="button"
              tabIndex={0}
              title="New Life Version"
            >
              New Life Version
            </a>
          </div>
          <div
            aria-hidden={true}
            aria-labelledby="accordion__title-11"
            className="accordion__body accordion__body--hidden"
            id="accordion__body-11"
            role="tabpanel"
          />
        </div>
        <div
          className="accordion-title-style"
        >
          <div
            aria-controls="accordion__body-12"
            aria-selected={false}
            className="accordion__title"
            disabled={false}
            id="accordion__title-12"
            onClick={[Function]}
            onKeyPress={[Function]}
            role="tab"
            tabIndex="0"
          >
            <a
              className=" top-level-title"
              onClick={[Function]}
              role="button"
              tabIndex={0}
              title="English Version for the Deaf"
            >
              English Version for the Deaf
            </a>
          </div>
          <div
            aria-hidden={true}
            aria-labelledby="accordion__title-12"
            className="accordion__body accordion__body--hidden"
            id="accordion__body-12"
            role="tabpanel"
          />
        </div>
        <div
          className="accordion-title-style"
        >
          <div
            aria-controls="accordion__body-13"
            aria-selected={false}
            className="accordion__title"
            disabled={false}
            id="accordion__title-13"
            onClick={[Function]}
            onKeyPress={[Function]}
            role="tab"
            tabIndex="0"
          >
            <a
              className=" top-level-title"
              onClick={[Function]}
              role="button"
              tabIndex={0}
              title="American Standard Version"
            >
              American Standard Version
            </a>
          </div>
          <div
            aria-hidden={true}
            aria-labelledby="accordion__title-13"
            className="accordion__body accordion__body--hidden"
            id="accordion__body-13"
            role="tabpanel"
          />
        </div>
        <div
          className="accordion-title-style"
        >
          <div
            aria-controls="accordion__body-14"
            aria-selected={false}
            className="accordion__title"
            disabled={false}
            id="accordion__title-14"
            onClick={[Function]}
            onKeyPress={[Function]}
            role="tab"
            tabIndex="0"
          >
            <a
              className=" top-level-title"
              onClick={[Function]}
              role="button"
              tabIndex={0}
              title="World Messianic Version"
            >
              World Messianic Version
            </a>
          </div>
          <div
            aria-hidden={true}
            aria-labelledby="accordion__title-14"
            className="accordion__body accordion__body--hidden"
            id="accordion__body-14"
            role="tabpanel"
          />
        </div>
        <div
          className="accordion-title-style"
        >
          <div
            aria-controls="accordion__body-15"
            aria-selected={false}
            className="accordion__title"
            disabled={false}
            id="accordion__title-15"
            onClick={[Function]}
            onKeyPress={[Function]}
            role="tab"
            tabIndex="0"
          >
            <a
              className=" top-level-title"
              onClick={[Function]}
              role="button"
              tabIndex={0}
              title="Revised Version 1885"
            >
              Revised Version 1885
            </a>
          </div>
          <div
            aria-hidden={true}
            aria-labelledby="accordion__title-15"
            className="accordion__body accordion__body--hidden"
            id="accordion__body-15"
            role="tabpanel"
          />
        </div>
      </div>
    </div>
  </div>
</div>
`;
