// Jest Snapshot v1, https://goo.gl/fbAQLP

exports[`FootnotePortal component should match snapshot with expected props 1`] = `ReactWrapper {}`;
