// Jest Snapshot v1, https://goo.gl/fbAQLP

exports[`HighlightColors component should match snapshot 1`] = `
[
  <span
    className="color-group"
  >
    <span
      className="none"
      onClick={[Function]}
      role="button"
      tabIndex={0}
    />
    <span
      className="color-text"
    >
      <span>
        None
      </span>
    </span>
  </span>,
  <span
    className="color-group"
  >
    <span
      className="yellow"
      onClick={[Function]}
      role="button"
      tabIndex={-1}
    />
    <span
      className="color-text"
    >
      <span>
        Yellow
      </span>
    </span>
  </span>,
  <span
    className="color-group"
  >
    <span
      className="green"
      onClick={[Function]}
      role="button"
      tabIndex={-2}
    />
    <span
      className="color-text"
    >
      <span>
        Green
      </span>
    </span>
  </span>,
  <span
    className="color-group"
  >
    <span
      className="pink"
      onClick={[Function]}
      role="button"
      tabIndex={-3}
    />
    <span
      className="color-text"
    >
      <span>
        Pink
      </span>
    </span>
  </span>,
  <span
    className="color-group"
  >
    <span
      className="purple"
      onClick={[Function]}
      role="button"
      tabIndex={-4}
    />
    <span
      className="color-text"
    >
      <span>
        Purple
      </span>
    </span>
  </span>,
  <span
    className="color-group"
  >
    <span
      className="blue"
      onClick={[Function]}
      role="button"
      tabIndex={-5}
    />
    <span
      className="color-text"
    >
      <span>
        Blue
      </span>
    </span>
  </span>,
]
`;
