// Jest Snapshot v1, https://goo.gl/fbAQLP

exports[`AudioOnlyMessage Component Should match previous snapshot 1`] = `
<div
  className="audio-only"
>
  <svg>
    <use
      xlinkHref="/svglist.svg#audio_only"
      xmlnsXlink="http://www.w3.org/1999/xlink"
    />
  </svg>
  <p>
    Romans 8
  </p>
  <span
    className="divider"
  />
  <span>
    Audio Only
  </span>
</div>
`;
