// Jest Snapshot v1, https://goo.gl/fbAQLP

exports[`ReadersModeVerse tests Should match the snapshot 1`] = `
<DocumentFragment>
  <span
    aria-label="In the beginning God created the heavens and the earth."
    class="align-left"
    data-verseid="1"
  >
    In the beginning God created the heavens and the earth.
  </span>
  <span
    class="readers-spaces"
  >
    Â 
  </span>
</DocumentFragment>
`;
