// Jest Snapshot v1, https://goo.gl/fbAQLP

exports[`<PasswordReset /> Component Should match the previous snapshot 1`] = `
<DocumentFragment>
  <div
    class="forgot-password"
  >
    <p>
      In order to reset your password, please enter the email address you used to register for Bible.is.
    </p>
    <form
      class="wrapper"
    >
      <input
        autocomplete="email"
        placeholder="E-mail"
        value=""
      />
      <button
        class="text"
        type="submit"
      >
        Reset Password
      </button>
    </form>
    <div
      class="disclaimer"
    >
      If you are unable to reset your password, please
      <a
        class="link"
        href="https://support.bible.is/contact"
      >
         contact us 
      </a>
      for support.
    </div>
  </div>
</DocumentFragment>
`;
