// Jest Snapshot v1, https://goo.gl/fbAQLP

exports[`Test contstants in utils should match old snapshot 1`] = `"{"DAEMON":"@@saga-injector/daemon","ONCE_TILL_UNMOUNT":"@@saga-injector/once-till-unmount","RESTART_ON_REMOUNT":"@@saga-injector/restart-on-remount"}"`;
