// Jest Snapshot v1, https://goo.gl/fbAQLP

exports[`redux persist utility config should match previous snapshot 1`] = `
{
  "active": true,
  "reducerKey": "Bible.is",
  "reducerVersion": "1",
  "storeConfig": {
    "blacklist": [
      "homepage",
      "textSelection",
    ],
    "keyPrefix": "Bible.is.v1.",
    "stateReconciler": [Function],
    "whitelist": [
      "profile",
      "settings",
      "searchContainer",
      "notes",
    ],
  },
}
`;
