// Jest Snapshot v1, https://goo.gl/fbAQLP

exports[`AudioProgressBar Component Should match previous snapshot 1`] = `
<div>
  <div
    class="progress-slider"
    data-value-cur="00:00"
    data-value-dur="05:00"
  >
    <div
      class="rc-slider rc-slider-horizontal"
    >
      <div
        class="rc-slider-rail"
        style="background-color: rgb(91, 95, 100); height: 4px;"
      />
      <div
        class="rc-slider-track"
        style="left: 0%; width: 0%; background-color: rgb(98, 177, 130); height: 4px;"
      />
      <div
        class="rc-slider-step"
      />
      <div
        aria-disabled="false"
        aria-orientation="horizontal"
        aria-valuemax="100"
        aria-valuemin="0"
        aria-valuenow="0"
        class="rc-slider-handle"
        role="slider"
        style="left: 0%; transform: translateX(-50%); border: 2px solid rgba(98, 177, 130, 1); background-color: rgb(0, 0, 0); top: 5px;"
        tabindex="0"
      />
    </div>
    <div
      class="audio-drama-toggle-container"
    >
      <button
        class="audio-drama-toggle-button active"
        id="drama-button"
        type="button"
      >
        Drama
      </button>
      <button
        class="audio-drama-toggle-button"
        id="non-drama-button"
        type="button"
      >
        Non-Drama
      </button>
    </div>
  </div>
</div>
`;
