// Jest Snapshot v1, https://goo.gl/fbAQLP

exports[`<PleaseSignInMessage /> Component Should match the previous snapshot 1`] = `
<DocumentFragment>
  <div
    class="need-to-login"
  >
    <span>
      Please
    </span>
     
    <span
      class="login-text"
      role="button"
      tabindex="0"
    >
      <span>
        sign in
      </span>
    </span>
     
    <span>
      to access your notebook.
    </span>
  </div>
</DocumentFragment>
`;
